============================= test session starts =============================
platform win32 -- Python 3.11.9, pytest-9.0.2, pluggy-1.6.0 -- C:\Users\joseu\AppData\Local\Programs\Python\Python311\python.exe
cachedir: .pytest_cache
rootdir: C:\Users\joseu\OneDrive\Desktop\Plimsoll_AI\backend
plugins: anyio-4.12.1, asyncio-1.3.0, cov-7.0.0
asyncio: mode=Mode.STRICT, debug=False, asyncio_default_fixture_loop_scope=None, asyncio_default_test_loop_scope=function
collecting ... collected 10 items

tests/test_physics_engine.py::test_hydrostatic_interpolation PASSED      [ 10%]
tests/test_physics_engine.py::test_perpendicular_correction PASSED       [ 20%]
tests/test_physics_engine.py::test_hull_deformation_means PASSED         [ 30%]
tests/test_physics_engine.py::test_density_correction_logic PASSED       [ 40%]
tests/test_physics_engine.py::test_oed_optimization PASSED               [ 50%]
tests/test_api_endpoints.py::test_health_check PASSED                    [ 60%]
tests/test_api_endpoints.py::test_get_history PASSED                     [ 70%]
tests/test_api_endpoints.py::test_environment_update PASSED              [ 80%]
tests/test_api_endpoints.py::test_ship_details_enrichment FAILED         [ 90%]
tests/test_api_endpoints.py::test_analyze_flow_mock FAILED               [100%]

================================== FAILURES ===================================
________________________ test_ship_details_enrichment _________________________

    def test_ship_details_enrichment():
        """
        Validates vessel OSINT enrichment via IMO number.
        Using default V LOCUS IMO for testing.
        """
        imo = "9406087"
        response = client.get(f"/api/ship/{imo}")
        assert response.status_code == 200
        data = response.json()
        assert "name" in data
>       assert "imo" in data
E       AssertionError: assert 'imo' in {'beam': 33.0, 'flag': 'Singapore', 'hydrostatics': {'displacement': [0.0, 6750.99, 13831.31, 21240.93, 28979.88, 37048.14, ...], 'draft': [0.0, 1.15, 2.3, 3.45, 4.6, 5.75, ...], 'lcf': [-2.49, -1.99, -1.49, -1.0, -0.5, 0.0, ...], 'mtc': [3933.9, 3956.09, 3978.28, 4000.48, 4022.67, 4044.86, ...], ...}, 'loa': 249.0, ...}

tests\test_api_endpoints.py:51: AssertionError
___________________________ test_analyze_flow_mock ____________________________

    @pytest.mark.asyncio
    async def test_analyze_flow_mock():
        """
        Validates the analysis endpoint with a mock file.
        Note: In a true professional suite, we provide a synthetic small mp4.
        """
        # Create a dummy file if it doesn't exist
        dummy_path = "tests/dummy.mp4"
        os.makedirs("tests", exist_ok=True)
        with open(dummy_path, "wb") as f:
            f.write(b"fake video content")
    
        with open(dummy_path, "rb") as f:
            response = client.post(
                "/api/analyze",
                files={"video": ("dummy.mp4", f, "video/mp4")}
            )
    
        # Clean up
        os.remove(dummy_path)
    
        # We expect a success or a controlled failure (if AI engine requires real video)
        # Since AIDraftSurveyor.process_video is complex, we target 200 or 500 with descriptive error
        assert response.status_code in [200, 500]
        if response.status_code == 200:
>           assert "draft_mean" in response.json()
E           AssertionError: assert 'draft_mean' in {'error': 'No frames extracted', 'id': 23}
E            +  where {'error': 'No frames extracted', 'id': 23} = json()
E            +    where json = <Response [200 OK]>.json

tests\test_api_endpoints.py:79: AssertionError
---------------------------- Captured stdout call -----------------------------
2026-02-22 20:45:17,248 INFO sqlalchemy.engine.Engine BEGIN (implicit)
2026-02-22 20:45:17,250 INFO sqlalchemy.engine.Engine INSERT INTO surveys (timestamp, filename, draft_mean, confidence, sea_state, waterline_y, variance, evidence_path, is_synced) VALUES (?, ?, ?, ?, ?, ?, ?, ?, ?)
2026-02-22 20:45:17,250 INFO sqlalchemy.engine.Engine [generated in 0.00057s] ('2026-02-23 02:45:17.250742', 'e5bb2d3a-a83a-4fa9-a0a1-697800b9d8cb.mp4', None, None, None, None, None, None, 0)
2026-02-22 20:45:17,254 INFO sqlalchemy.engine.Engine COMMIT
2026-02-22 20:45:17,258 INFO sqlalchemy.engine.Engine BEGIN (implicit)
2026-02-22 20:45:17,260 INFO sqlalchemy.engine.Engine SELECT surveys.id, surveys.timestamp, surveys.filename, surveys.draft_mean, surveys.confidence, surveys.sea_state, surveys.waterline_y, surveys.variance, surveys.evidence_path, surveys.is_synced 
FROM surveys 
WHERE surveys.id = ?
2026-02-22 20:45:17,261 INFO sqlalchemy.engine.Engine [generated in 0.00063s] (23,)
2026-02-22 20:45:17,263 INFO sqlalchemy.engine.Engine ROLLBACK
------------------------------ Captured log call ------------------------------
ERROR    app.engine.ai_vision:ai_vision.py:122 No frames extracted from video!
INFO     sqlalchemy.engine.Engine:base.py:2710 BEGIN (implicit)
INFO     sqlalchemy.engine.Engine:base.py:1846 INSERT INTO surveys (timestamp, filename, draft_mean, confidence, sea_state, waterline_y, variance, evidence_path, is_synced) VALUES (?, ?, ?, ?, ?, ?, ?, ?, ?)
INFO     sqlalchemy.engine.Engine:base.py:1846 [generated in 0.00057s] ('2026-02-23 02:45:17.250742', 'e5bb2d3a-a83a-4fa9-a0a1-697800b9d8cb.mp4', None, None, None, None, None, None, 0)
INFO     sqlalchemy.engine.Engine:base.py:2716 COMMIT
INFO     sqlalchemy.engine.Engine:base.py:2710 BEGIN (implicit)
INFO     sqlalchemy.engine.Engine:base.py:1846 SELECT surveys.id, surveys.timestamp, surveys.filename, surveys.draft_mean, surveys.confidence, surveys.sea_state, surveys.waterline_y, surveys.variance, surveys.evidence_path, surveys.is_synced 
FROM surveys 
WHERE surveys.id = ?
INFO     sqlalchemy.engine.Engine:base.py:1846 [generated in 0.00063s] (23,)
INFO     sqlalchemy.engine.Engine:base.py:2713 ROLLBACK
============================== warnings summary ===============================
app\api\endpoints.py:49
  C:\Users\joseu\OneDrive\Desktop\Plimsoll_AI\backend\app\api\endpoints.py:49: DeprecationWarning: 
          on_event is deprecated, use lifespan event handlers instead.
  
          Read more about it in the
          [FastAPI docs for Lifespan Events](https://fastapi.tiangolo.com/advanced/events/).
          
    @router.on_event("startup")

app\api\drone.py:132
  C:\Users\joseu\OneDrive\Desktop\Plimsoll_AI\backend\app\api\drone.py:132: DeprecationWarning: 
          on_event is deprecated, use lifespan event handlers instead.
  
          Read more about it in the
          [FastAPI docs for Lifespan Events](https://fastapi.tiangolo.com/advanced/events/).
          
    @router.on_event("startup")

-- Docs: https://docs.pytest.org/en/stable/how-to/capture-warnings.html
=========================== short test summary info ===========================
FAILED tests/test_api_endpoints.py::test_ship_details_enrichment - AssertionE...
FAILED tests/test_api_endpoints.py::test_analyze_flow_mock - AssertionError: ...
================== 2 failed, 8 passed, 2 warnings in 15.37s ===================
